projects/amazon-trend-analyzer/qb_chunks/page_324_skip324000.csv
ASIN Buyability Flag,asin_status,CVR%,revenue,asp,units,gv,Images #,Videos #,Has A+ Content,Buybox Winner,Average Rating,Number of Ratings,bb_price,Ad CTR%,Ad CVR%,bsr,brand,Ad CPC$,ASIN (Description),Update Type,Sold By Amazon,Has Coupon?,Has Store Link?,In Stock Today?,category,Sellable On Hand Units,asin,date,Ad Cost,Ad Sales,Ad Clicks,Ad Impressions,Ad Conversions
In Stock,FD,0.0,0.0,,0.0,2.0,6.0,0.0,True,,4.4,282.0,11.95,,,224.0,Clorox Pro,,B09VLJC9FG (Clorox Healthcare - Sanitizing Hand Wipes - 100ct Canister - NDC# 69540-0037-3),[],True,False,True,True,Pro Hand Care,25.0,B09VLJC9FG,2026-03-16,,,,,
In Stock,FD,0.5,12.0,11.95,1.0,2.0,6.0,0.0,True,,4.4,282.0,11.95,,,258.0,Clorox Pro,,B09VLJC9FG (Clorox Healthcare - Sanitizing Hand Wipes - 100ct Canister - NDC# 69540-0037-3),[],True,False,True,True,Pro Hand Care,26.0,B09VLJC9FG,2026-03-15,,,,,
In Stock,FD,,,,,,6.0,0.0,True,,4.4,282.0,11.95,,,246.0,Clorox Pro,,B09VLJC9FG (Clorox Healthcare - Sanitizing Hand Wipes - 100ct Canister - NDC# 69540-0037-3),[],True,False,True,True,Pro Hand Care,26.0,B09VLJC9FG,2026-03-14,,,,,
In Stock,FD,,,,,,6.0,0.0,True,,4.4,282.0,11.95,,,218.0,Clorox Pro,,B09VLJC9FG (Clorox Healthcare - Sanitizing Hand Wipes - 100ct Canister - NDC# 69540-0037-3),[],True,False,True,True,Pro Hand Care,26.0,B09VLJC9FG,2026-03-13,,,,,
In Stock,FD,,,,,,6.0,0.0,True,,4.4,282.0,11.95,,,193.0,Clorox Pro,,B09VLJC9FG (Clorox Healthcare - Sanitizing Hand Wipes - 100ct Canister - NDC# 69540-0037-3),[],True,False,True,True,Pro Hand Care,26.0,B09VLJC9FG,2026-03-12,,,,,
In Stock,FD,,,,,,6.0,0.0,True,,4.4,281.0,11.95,,,178.0,Clorox Pro,,B09VLJC9FG (Clorox Healthcare - Sanitizing Hand Wipes - 100ct Canister - NDC# 69540-0037-3),[],True,False,True,True,Pro Hand Care,26.0,B09VLJC9FG,2026-03-11,,,,,
In Stock,FD,0.0,0.0,,0.0,1.0,6.0,0.0,True,,4.4,281.0,11.95,,,171.0,Clorox Pro,,B09VLJC9FG (Clorox Healthcare - Sanitizing Hand Wipes - 100ct Canister - NDC# 69540-0037-3),[],True,False,True,True,Pro Hand Care,26.0,B09VLJC9FG,2026-03-10,,,,,
In Stock,FD,,0.0,,0.0,,6.0,0.0,True,,4.4,281.0,11.95,,,174.0,Clorox Pro,,B09VLJC9FG (Clorox Healthcare - Sanitizing Hand Wipes - 100ct Canister - NDC# 69540-0037-3),[],True,False,True,True,Pro Hand Care,28.0,B09VLJC9FG,2026-03-09,,,,,
In Stock,FD,2.0,24.0,11.95,2.0,1.0,6.0,0.0,True,,4.4,281.0,11.95,,,170.0,Clorox Pro,,B09VLJC9FG (Clorox Healthcare - Sanitizing Hand Wipes - 100ct Canister - NDC# 69540-0037-3),[],True,False,True,True,Pro Hand Care,28.0,B09VLJC9FG,2026-03-08,,,,,
In Stock,FD,0.0,0.0,,0.0,3.0,6.0,0.0,True,,4.4,281.0,11.95,,,180.0,Clorox Pro,,B09VLJC9FG (Clorox Healthcare - Sanitizing Hand Wipes - 100ct Canister - NDC# 69540-0037-3),[],True,False,True,True,Pro Hand Care,28.0,B09VLJC9FG,2026-03-07,,,,,
In Stock,FD,,12.0,11.95,1.0,,6.0,0.0,True,,4.4,280.0,11.95,,,176.0,Clorox Pro,,B09VLJC9FG (Clorox Healthcare - Sanitizing Hand Wipes - 100ct Canister - NDC# 69540-0037-3),[],True,False,True,True,Pro Hand Care,30.0,B09VLJC9FG,2026-03-06,,,,,
In Stock,FD,0.5,12.0,11.95,1.0,2.0,6.0,0.0,True,,4.4,279.0,11.95,,,168.0,Clorox Pro,,B09VLJC9FG (Clorox Healthcare - Sanitizing Hand Wipes - 100ct Canister - NDC# 69540-0037-3),[],True,False,True,True,Pro Hand Care,32.0,B09VLJC9FG,2026-03-05,,,,,
In Stock,FD,1.0,12.0,11.95,1.0,1.0,6.0,0.0,True,,4.4,279.0,11.95,,,165.0,Clorox Pro,,B09VLJC9FG (Clorox Healthcare - Sanitizing Hand Wipes - 100ct Canister - NDC# 69540-0037-3),[],True,False,True,True,Pro Hand Care,32.0,B09VLJC9FG,2026-03-04,,,,,
In Stock,FD,0.5,12.0,11.95,1.0,2.0,6.0,0.0,True,,4.4,279.0,11.95,,,168.0,Clorox Pro,,B09VLJC9FG (Clorox Healthcare - Sanitizing Hand Wipes - 100ct Canister - NDC# 69540-0037-3),[],True,False,True,True,Pro Hand Care,33.0,B09VLJC9FG,2026-03-03,,,,,
In Stock,FD,0.25,12.0,11.95,1.0,4.0,6.0,0.0,True,,4.4,279.0,11.95,,,172.0,Clorox Pro,,B09VLJC9FG (Clorox Healthcare - Sanitizing Hand Wipes - 100ct Canister - NDC# 69540-0037-3),[],True,False,True,True,Pro Hand Care,33.0,B09VLJC9FG,2026-03-02,,,,,
In Stock,FD,0.333,12.0,11.95,1.0,3.0,6.0,0.0,False,,4.4,279.0,11.95,,,202.0,Clorox Pro,,B09VLJC9FG (Clorox Healthcare - Sanitizing Hand Wipes - 100ct Canister - NDC# 69540-0037-3),[],True,False,True,True,Pro Hand Care,34.0,B09VLJC9FG,2026-03-01,,,,,
In Stock,FD,,0.0,,0.0,,6.0,0.0,True,,4.4,279.0,11.95,,,176.0,Clorox Pro,,B09VLJC9FG (Clorox Healthcare - Sanitizing Hand Wipes - 100ct Canister - NDC# 69540-0037-3),[],True,False,True,True,Pro Hand Care,35.0,B09VLJC9FG,2026-02-28,,,,,
In Stock,FD,0.0,,,,2.0,6.0,0.0,True,,4.4,279.0,11.95,,,170.0,Clorox Pro,,B09VLJC9FG (Clorox Healthcare - Sanitizing Hand Wipes - 100ct Canister - NDC# 69540-0037-3),[],True,False,True,True,Pro Hand Care,35.0,B09VLJC9FG,2026-02-27,,,,,
In Stock,FD,0.0,,,,2.0,6.0,0.0,True,,4.4,279.0,11.95,,,151.0,Clorox Pro,,B09VLJC9FG (Clorox Healthcare - Sanitizing Hand Wipes - 100ct Canister - NDC# 69540-0037-3),[],True,False,True,True,Pro Hand Care,35.0,B09VLJC9FG,2026-02-26,,,,,
In Stock,FD,,,,,,6.0,0.0,True,,4.4,279.0,11.95,,,144.0,Clorox Pro,,B09VLJC9FG (Clorox Healthcare - Sanitizing Hand Wipes - 100ct Canister - NDC# 69540-0037-3),[],True,False,True,True,Pro Hand Care,35.0,B09VLJC9FG,2026-02-25,,,,,
In Stock,FD,0.0,0.0,,0.0,3.0,6.0,0.0,True,,4.4,279.0,11.95,,,146.0,Clorox Pro,,B09VLJC9FG (Clorox Healthcare - Sanitizing Hand Wipes - 100ct Canister - NDC# 69540-0037-3),[],True,False,True,True,Pro Hand Care,35.0,B09VLJC9FG,2026-02-24,,,,,
In Stock,FD,0.0,0.0,,0.0,1.0,6.0,0.0,True,,4.4,279.0,11.95,,,162.0,Clorox Pro,,B09VLJC9FG (Clorox Healthcare - Sanitizing Hand Wipes - 100ct Canister - NDC# 69540-0037-3),[],True,False,True,True,Pro Hand Care,36.0,B09VLJC9FG,2026-02-23,,,,,
In Stock,FD,0.25,12.0,11.95,1.0,4.0,6.0,0.0,True,,4.4,279.0,11.95,,,163.0,Clorox Pro,,B09VLJC9FG (Clorox Healthcare - Sanitizing Hand Wipes - 100ct Canister - NDC# 69540-0037-3),[],True,False,True,True,Pro Hand Care,36.0,B09VLJC9FG,2026-02-22,,,,,
In Stock,FD,0.0,,,,3.0,6.0,0.0,True,,4.4,279.0,16.14,,,187.0,Clorox Pro,,B09VLJC9FG (Clorox Healthcare - Sanitizing Hand Wipes - 100ct Canister - NDC# 69540-0037-3),[],True,False,True,True,Pro Hand Care,36.0,B09VLJC9FG,2026-02-21,,,,,
In Stock,FD,0.0,,,,1.0,6.0,0.0,True,,4.4,279.0,14.63,,,176.0,Clorox Pro,,B09VLJC9FG (Clorox Healthcare - Sanitizing Hand Wipes - 100ct Canister - NDC# 69540-0037-3),[],True,False,True,True,Pro Hand Care,36.0,B09VLJC9FG,2026-02-20,,,,,
In Stock,FD,0.0,,,,4.0,6.0,0.0,True,,4.4,279.0,14.63,,,182.0,Clorox Pro,,B09VLJC9FG (Clorox Healthcare - Sanitizing Hand Wipes - 100ct Canister - NDC# 69540-0037-3),[],True,False,True,True,Pro Hand Care,36.0,B09VLJC9FG,2026-02-19,,,,,
In Stock,FD,1.0,15.0,14.84,1.0,1.0,6.0,0.0,True,,4.4,279.0,14.63,,,163.0,Clorox Pro,,B09VLJC9FG (Clorox Healthcare - Sanitizing Hand Wipes - 100ct Canister - NDC# 69540-0037-3),[],True,False,True,True,Pro Hand Care,36.0,B09VLJC9FG,2026-02-18,,,,,
In Stock,FD,0.0,,,,1.0,6.0,0.0,True,,4.4,279.0,14.63,,,172.0,Clorox Pro,,B09VLJC9FG (Clorox Healthcare - Sanitizing Hand Wipes - 100ct Canister - NDC# 69540-0037-3),[],True,False,True,True,Pro Hand Care,36.0,B09VLJC9FG,2026-02-17,,,,,
In Stock,FD,,,,,,6.0,0.0,True,,4.4,279.0,14.63,,,178.0,Clorox Pro,,B09VLJC9FG (Clorox Healthcare - Sanitizing Hand Wipes - 100ct Canister - NDC# 69540-0037-3),[],True,False,True,True,Pro Hand Care,36.0,B09VLJC9FG,2026-02-16,,,,,
In Stock,FD,0.0,,,,3.0,6.0,0.0,True,,4.4,279.0,14.64,,,187.0,Clorox Pro,,B09VLJC9FG (Clorox Healthcare - Sanitizing Hand Wipes - 100ct Canister - NDC# 69540-0037-3),[],True,False,True,True,Pro Hand Care,36.0,B09VLJC9FG,2026-02-15,,,,,
In Stock,FD,,,,,,6.0,0.0,True,,4.4,279.0,14.64,,,210.0,Clorox Pro,,B09VLJC9FG (Clorox Healthcare - Sanitizing Hand Wipes - 100ct Canister - NDC# 69540-0037-3),[],True,False,True,True,Pro Hand Care,36.0,B09VLJC9FG,2026-02-14,,,,,
In Stock,FD,,,,,,6.0,0.0,True,,4.4,279.0,14.64,,,208.0,Clorox Pro,,B09VLJC9FG (Clorox Healthcare - Sanitizing Hand Wipes - 100ct Canister - NDC# 69540-0037-3),[],True,False,True,True,Pro Hand Care,36.0,B09VLJC9FG,2026-02-13,,,,,
In Stock,FD,0.0,,,,2.0,6.0,0.0,True,,4.4,279.0,14.64,,,217.0,Clorox Pro,,B09VLJC9FG (Clorox Healthcare - Sanitizing Hand Wipes - 100ct Canister - NDC# 69540-0037-3),[],True,False,True,True,Pro Hand Care,36.0,B09VLJC9FG,2026-02-12,,,,,
In Stock,FD,,0.0,,0.0,,6.0,0.0,True,,4.4,279.0,14.84,,,227.0,Clorox Pro,,B09VLJC9FG (Clorox Healthcare - Sanitizing Hand Wipes - 100ct Canister - NDC# 69540-0037-3),[],True,False,True,True,Pro Hand Care,36.0,B09VLJC9FG,2026-02-11,,,,,
In Stock,FD,0.5,15.0,14.84,1.0,2.0,6.0,0.0,True,,4.4,278.0,11.73,,,206.0,Clorox Pro,,B09VLJC9FG (Clorox Healthcare - Sanitizing Hand Wipes - 100ct Canister - NDC# 69540-0037-3),[],True,False,True,True,Pro Hand Care,37.0,B09VLJC9FG,2026-02-10,,,,,
In Stock,FD,0.0,,,,1.0,6.0,0.0,True,,4.4,277.0,11.88,,,232.0,Clorox Pro,,B09VLJC9FG (Clorox Healthcare - Sanitizing Hand Wipes - 100ct Canister - NDC# 69540-0037-3),[],True,False,True,True,Pro Hand Care,37.0,B09VLJC9FG,2026-02-09,,,,,
In Stock,FD,0.0,,,,5.0,6.0,0.0,True,,4.4,277.0,11.88,,,237.0,Clorox Pro,,B09VLJC9FG (Clorox Healthcare - Sanitizing Hand Wipes - 100ct Canister - NDC# 69540-0037-3),[],True,False,True,True,Pro Hand Care,37.0,B09VLJC9FG,2026-02-08,,,,,
In Stock,FD,,0.0,,0.0,,6.0,0.0,True,,4.4,277.0,11.88,,,231.0,Clorox Pro,,B09VLJC9FG (Clorox Healthcare - Sanitizing Hand Wipes - 100ct Canister - NDC# 69540-0037-3),[],True,False,True,True,Pro Hand Care,37.0,B09VLJC9FG,2026-02-07,,,,,
In Stock,FD,0.5,12.0,11.88,1.0,2.0,6.0,0.0,True,,4.4,277.0,11.88,,,245.0,Clorox Pro,,B09VLJC9FG (Clorox Healthcare - Sanitizing Hand Wipes - 100ct Canister - NDC# 69540-0037-3),[],True,False,True,True,Pro Hand Care,38.0,B09VLJC9FG,2026-02-06,,,,,
In Stock,FD,0.25,12.0,11.88,1.0,4.0,6.0,0.0,True,,4.4,277.0,11.88,,,254.0,Clorox Pro,,B09VLJC9FG (Clorox Healthcare - Sanitizing Hand Wipes - 100ct Canister - NDC# 69540-0037-3),[],True,False,True,True,Pro Hand Care,39.0,B09VLJC9FG,2026-02-05,,,,,
In Stock,FD,,,,,,6.0,0.0,True,,4.4,277.0,11.88,,,261.0,Clorox Pro,,B09VLJC9FG (Clorox Healthcare - Sanitizing Hand Wipes - 100ct Canister - NDC# 69540-0037-3),[],True,False,True,True,Pro Hand Care,39.0,B09VLJC9FG,2026-02-04,,,,,
In Stock,FD,0.0,0.0,,0.0,2.0,6.0,0.0,True,,4.4,277.0,11.88,,,261.0,Clorox Pro,,B09VLJC9FG (Clorox Healthcare - Sanitizing Hand Wipes - 100ct Canister - NDC# 69540-0037-3),[],True,False,True,True,Pro Hand Care,39.0,B09VLJC9FG,2026-02-03,,,,,
In Stock,FD,0.2,12.0,11.88,1.0,5.0,6.0,0.0,True,,4.4,277.0,11.88,,,260.0,Clorox Pro,,B09VLJC9FG (Clorox Healthcare - Sanitizing Hand Wipes - 100ct Canister - NDC# 69540-0037-3),[],True,False,True,True,Pro Hand Care,40.0,B09VLJC9FG,2026-02-02,,,,,
In Stock,FD,0.0,0.0,,0.0,3.0,18.0,0.0,True,,4.4,277.0,11.88,,,261.0,Clorox Pro,,B09VLJC9FG (Clorox Healthcare - Sanitizing Hand Wipes - 100ct Canister - NDC# 69540-0037-3),[],True,False,True,True,Pro Hand Care,40.0,B09VLJC9FG,2026-02-01,,,,,
In Stock,FD,0.333,12.0,11.88,1.0,3.0,6.0,0.0,True,,4.4,277.0,11.88,,,273.0,Clorox Pro,,B09VLJC9FG (Clorox Healthcare - Sanitizing Hand Wipes - 100ct Canister - NDC# 69540-0037-3),[],True,False,True,True,Pro Hand Care,41.0,B09VLJC9FG,2026-01-31,,,,,
In Stock,FD,,,,,,6.0,0.0,True,,4.4,276.0,11.88,,,240.0,Clorox Pro,,B09VLJC9FG (Clorox Healthcare - Sanitizing Hand Wipes - 100ct Canister - NDC# 69540-0037-3),[],True,False,True,True,Pro Hand Care,41.0,B09VLJC9FG,2026-01-30,,,,,
In Stock,FD,0.0,,,,1.0,6.0,0.0,True,,4.4,276.0,11.88,,,247.0,Clorox Pro,,B09VLJC9FG (Clorox Healthcare - Sanitizing Hand Wipes - 100ct Canister - NDC# 69540-0037-3),[],True,False,True,True,Pro Hand Care,41.0,B09VLJC9FG,2026-01-29,,,,,
In Stock,FD,0.0,,,,3.0,6.0,0.0,True,,4.4,276.0,11.88,,,241.0,Clorox Pro,,B09VLJC9FG (Clorox Healthcare - Sanitizing Hand Wipes - 100ct Canister - NDC# 69540-0037-3),[],True,False,True,True,Pro Hand Care,41.0,B09VLJC9FG,2026-01-28,,,,,
In Stock,FD,,,,,,6.0,0.0,True,,4.4,276.0,11.88,,,281.0,Clorox Pro,,B09VLJC9FG (Clorox Healthcare - Sanitizing Hand Wipes - 100ct Canister - NDC# 69540-0037-3),[],True,False,True,True,Pro Hand Care,41.0,B09VLJC9FG,2026-01-27,,,,,
In Stock,FD,0.0,,,,1.0,6.0,0.0,True,,4.4,276.0,11.88,,,269.0,Clorox Pro,,B09VLJC9FG (Clorox Healthcare - Sanitizing Hand Wipes - 100ct Canister - NDC# 69540-0037-3),[],True,False,True,True,Pro Hand Care,41.0,B09VLJC9FG,2026-01-26,,,,,
In Stock,FD,,,,,,6.0,0.0,True,,4.4,275.0,11.88,,,251.0,Clorox Pro,,B09VLJC9FG (Clorox Healthcare - Sanitizing Hand Wipes - 100ct Canister - NDC# 69540-0037-3),[],True,False,True,True,Pro Hand Care,41.0,B09VLJC9FG,2026-01-25,,,,,
In Stock,FD,0.0,,,,1.0,6.0,0.0,True,,4.4,275.0,11.88,,,251.0,Clorox Pro,,B09VLJC9FG (Clorox Healthcare - Sanitizing Hand Wipes - 100ct Canister - NDC# 69540-0037-3),[],True,False,True,True,Pro Hand Care,41.0,B09VLJC9FG,2026-01-24,,,,,
In Stock,FD,,0.0,,0.0,,6.0,0.0,True,,4.4,274.0,11.88,,,247.0,Clorox Pro,,B09VLJC9FG (Clorox Healthcare - Sanitizing Hand Wipes - 100ct Canister - NDC# 69540-0037-3),[],True,False,True,True,Pro Hand Care,41.0,B09VLJC9FG,2026-01-23,,,,,
In Stock,FD,0.0,,,,1.0,6.0,0.0,True,,4.4,274.0,11.88,,,247.0,Clorox Pro,,B09VLJC9FG (Clorox Healthcare - Sanitizing Hand Wipes - 100ct Canister - NDC# 69540-0037-3),[],True,False,True,True,Pro Hand Care,30.0,B09VLJC9FG,2026-01-22,,,,,
In Stock,FD,0.0,,,,3.0,6.0,0.0,True,,4.4,274.0,11.88,,,209.0,Clorox Pro,,B09VLJC9FG (Clorox Healthcare - Sanitizing Hand Wipes - 100ct Canister - NDC# 69540-0037-3),[],True,False,True,True,Pro Hand Care,30.0,B09VLJC9FG,2026-01-21,,,,,
In Stock,FD,0.0,,,,2.0,6.0,0.0,True,,4.4,274.0,11.88,,,255.0,Clorox Pro,,B09VLJC9FG (Clorox Healthcare - Sanitizing Hand Wipes - 100ct Canister - NDC# 69540-0037-3),[],True,False,True,True,Pro Hand Care,30.0,B09VLJC9FG,2026-01-20,,,,,
In Stock,FD,,12.0,11.88,1.0,,6.0,0.0,True,,4.3,274.0,11.88,,,232.0,Clorox Pro,,B09VLJC9FG (Clorox Healthcare - Sanitizing Hand Wipes - 100ct Canister - NDC# 69540-0037-3),[],True,False,True,True,Pro Hand Care,30.0,B09VLJC9FG,2026-01-19,,,,,
In Stock,FD,0.0,,,,1.0,6.0,0.0,True,,4.3,274.0,11.88,,,218.0,Clorox Pro,,B09VLJC9FG (Clorox Healthcare - Sanitizing Hand Wipes - 100ct Canister - NDC# 69540-0037-3),[],True,False,True,True,Pro Hand Care,30.0,B09VLJC9FG,2026-01-18,,,,,
In Stock,FD,,,,,,6.0,0.0,True,,4.3,273.0,11.88,,,232.0,Clorox Pro,,B09VLJC9FG (Clorox Healthcare - Sanitizing Hand Wipes - 100ct Canister - NDC# 69540-0037-3),[],True,False,True,True,Pro Hand Care,18.0,B09VLJC9FG,2026-01-17,,,,,
In Stock,FD,0.0,,,,2.0,6.0,0.0,True,,4.3,273.0,11.88,,,227.0,Clorox Pro,,B09VLJC9FG (Clorox Healthcare - Sanitizing Hand Wipes - 100ct Canister - NDC# 69540-0037-3),[],True,False,True,True,Pro Hand Care,30.0,B09VLJC9FG,2026-01-16,,,,,
In Stock,FD,,,,,,6.0,0.0,True,,4.3,272.0,11.88,,,233.0,Clorox Pro,,B09VLJC9FG (Clorox Healthcare - Sanitizing Hand Wipes - 100ct Canister - NDC# 69540-0037-3),[],True,False,True,True,Pro Hand Care,18.0,B09VLJC9FG,2026-01-15,,,,,
